eeschema (2012-nov-02)-testing  >> Creation date: Thu 24 Jan 2013 03:22:39 PM EST
#Cmp ( order = Reference )
| C201       47uF        ; http://www.digikey.com/product-detail/en/T491C476K016ZT/495-2247-1-ND/770413;             ;             ;             
| C202       0.1uF       ; http://www.digikey.com/product-detail/en/C1005X5R1A104K050BA/445-1265-1-ND/567732;             ;             ;             
| C203       10nF        ; http://www.digikey.com/product-detail/en/C1005X7R1C103K050BA/445-1262-1-ND/567728;             ;             ;             
| C204       47uF        ; http://www.digikey.com/product-detail/en/T491C476K016ZT/495-2247-1-ND/770413;             ;             ;             
| C205       10uF        ; http://www.digikey.com/product-detail/en/T491A106K016ZT/495-2236-1-ND/770402;             ;             ;             
| C206       10uF        ; http://www.digikey.com/product-detail/en/T491A106K016ZT/495-2236-1-ND/770402;             ;             ;             
| C207       0.1uF       ; http://www.digikey.com/product-detail/en/C1005X5R1A104K050BA/445-1265-1-ND/567732;             ;             ;             
| C208       0.1uF       ; http://www.digikey.com/product-detail/en/C1005X5R1A104K050BA/445-1265-1-ND/567732;             ;             ;             
| C209       22pF        ; http://www.digikey.com/product-detail/en/C1608C0G1H220J080AA/445-1273-1-ND/567670;             ;             ;             
| C210       22pF        ; http://www.digikey.com/product-detail/en/C1608C0G1H220J080AA/445-1273-1-ND/567670;             ;             ;             
| C211       10uF        ; http://www.digikey.com/product-detail/en/T491A106K016ZT/495-2236-1-ND/770402;             ;             ;             
| C212       10uF        ; http://www.digikey.com/product-detail/en/T491A106K016ZT/495-2236-1-ND/770402;             ;             ;             
| C213       47uF        ; http://www.digikey.com/product-detail/en/T491C476K016ZT/495-2247-1-ND/770413;             ;             ;             
| C214       0.1uF       ; http://www.digikey.com/product-detail/en/C1005X5R1A104K050BA/445-1265-1-ND/567732;             ;             ;             
| C215       0.1uF       ; http://www.digikey.com/product-detail/en/C1005X5R1A104K050BA/445-1265-1-ND/567732;             ;             ;             
| C216       10nF        ; http://www.digikey.com/product-detail/en/C1005X7R1C103K050BA/445-1262-1-ND/567728;             ;             ;             
| C217       10nF        ; http://www.digikey.com/product-detail/en/C1005X7R1C103K050BA/445-1262-1-ND/567728;             ;             ;             
| C218       10nF        ; http://www.digikey.com/product-detail/en/C1005X7R1C103K050BA/445-1262-1-ND/567728;             ;             ;             
| C219       47uF        ; http://www.digikey.com/product-detail/en/T491C476K016ZT/495-2247-1-ND/770413;             ;             ;             
| C220       10nF        ; http://www.digikey.com/product-detail/en/C1005X7R1C103K050BA/445-1262-1-ND/567728;             ;             ;             
| C221       10nF        ; http://www.digikey.com/product-detail/en/C1005X7R1C103K050BA/445-1262-1-ND/567728;             ;             ;             
| C222       10nF        ; http://www.digikey.com/product-detail/en/C1005X7R1C103K050BA/445-1262-1-ND/567728;             ;             ;             
| C223       10nF        ; http://www.digikey.com/product-detail/en/C1005X7R1C103K050BA/445-1262-1-ND/567728;             ;             ;             
| C224       10nF        ; http://www.digikey.com/product-detail/en/C1005X7R1C103K050BA/445-1262-1-ND/567728;             ;             ;             
| C225       10nF        ; http://www.digikey.com/product-detail/en/C1005X7R1C103K050BA/445-1262-1-ND/567728;             ;             ;             
| C226       10uF        ; http://www.digikey.com/product-detail/en/T491A106K016ZT/495-2236-1-ND/770402;             ;             ;             
| C227       10nF        ; http://www.digikey.com/product-detail/en/C1005X7R1C103K050BA/445-1262-1-ND/567728;             ;             ;             
| C228       0.1uF       ; http://www.digikey.com/product-detail/en/C1005X5R1A104K050BA/445-1265-1-ND/567732;             ;             ;             
| C229       10nF        ; http://www.digikey.com/product-detail/en/C1005X7R1C103K050BA/445-1262-1-ND/567728;             ;             ;             
| C230       47uF        ; http://www.digikey.com/product-detail/en/T491C476K016ZT/495-2247-1-ND/770413;             ;             ;             
| C231       47uF        ; http://www.digikey.com/product-detail/en/T491C476K016ZT/495-2247-1-ND/770413;             ;             ;             
| C232       10nF        ; http://www.digikey.com/product-detail/en/C1005X7R1C103K050BA/445-1262-1-ND/567728;             ;             ;             
| C233       10nF        ; http://www.digikey.com/product-detail/en/C1005X7R1C103K050BA/445-1262-1-ND/567728;             ;             ;             
| C234       10nF        ; http://www.digikey.com/product-detail/en/C1005X7R1C103K050BA/445-1262-1-ND/567728;             ;             ;             
| C235       10nF        ; http://www.digikey.com/product-detail/en/C1005X7R1C103K050BA/445-1262-1-ND/567728;             ;             ;             
| C236       10nF        ; http://www.digikey.com/product-detail/en/C1005X7R1C103K050BA/445-1262-1-ND/567728;             ;             ;             
| C237       10nF        ; http://www.digikey.com/product-detail/en/C1005X7R1C103K050BA/445-1262-1-ND/567728;             ;             ;             
| C238       10nF        ; http://www.digikey.com/product-detail/en/C1005X7R1C103K050BA/445-1262-1-ND/567728;             ;             ;             
| C239       10nF        ; http://www.digikey.com/product-detail/en/C1005X7R1C103K050BA/445-1262-1-ND/567728;             ;             ;             
| C240       10nF        ; http://www.digikey.com/product-detail/en/C1005X7R1C103K050BA/445-1262-1-ND/567728;             ;             ;             
| C241       10uF        ; http://www.digikey.com/product-detail/en/T491A106K016ZT/495-2236-1-ND/770402;             ;             ;             
| C242       10nF        ; http://www.digikey.com/product-detail/en/C1005X7R1C103K050BA/445-1262-1-ND/567728;             ;             ;             
| C243       10nF        ; http://www.digikey.com/product-detail/en/C1005X7R1C103K050BA/445-1262-1-ND/567728;             ;             ;             
| C244       0.1uF       ; http://www.digikey.com/product-detail/en/C1005X5R1A104K050BA/445-1265-1-ND/567732;             ;             ;             
| C245       10nF        ; http://www.digikey.com/product-detail/en/C1005X7R1C103K050BA/445-1262-1-ND/567728;             ;             ;             
| C246       10nF        ; http://www.digikey.com/product-detail/en/C1005X7R1C103K050BA/445-1262-1-ND/567728;             ;             ;             
| C247       470pF       ; http://www.digikey.com/product-detail/en/C1608C0G2A471J080AA/445-2310-1-ND/789819;             ;             ;             
| C248       10uF        ; http://www.digikey.com/product-detail/en/T491A106K016ZT/495-2236-1-ND/770402;             ;             ;             
| C249       0.1uF       ; http://www.digikey.com/product-detail/en/C1005X5R1A104K050BA/445-1265-1-ND/567732;             ;             ;             
| C250       0.1uF       ; http://www.digikey.com/product-detail/en/C2012X7R1H104K085AA/445-7534-1-ND/2733606;             ;             ;             
| C251       0.1uF       ; http://www.digikey.com/product-detail/en/C2012X7R1H104K085AA/445-7534-1-ND/2733606;             ;             ;             
| C252       0.1uF       ; http://www.digikey.com/product-detail/en/C2012X7R1H104K085AA/445-7534-1-ND/2733606;             ;             ;             
| C253       0.1uF       ; http://www.digikey.com/product-detail/en/C2012X7R1H104K085AA/445-7534-1-ND/2733606;             ;             ;             
| C301       47uF        ; http://www.digikey.com/product-detail/en/T491C476K016ZT/495-2247-1-ND/770413;             ;             ;             
| C302       0.1uF       ; http://www.digikey.com/product-detail/en/C1005X5R1A104K050BA/445-1265-1-ND/567732;             ;             ;             
| C303       10nF        ; http://www.digikey.com/product-detail/en/C1005X7R1C103K050BA/445-1262-1-ND/567728;             ;             ;             
| C304       47uF        ; http://www.digikey.com/product-detail/en/T491C476K016ZT/495-2247-1-ND/770413;             ;             ;             
| C305       10uF        ; http://www.digikey.com/product-detail/en/T491A106K016ZT/495-2236-1-ND/770402;             ;             ;             
| C306       10uF        ; http://www.digikey.com/product-detail/en/T491A106K016ZT/495-2236-1-ND/770402;             ;             ;             
| C307       0.1uF       ; http://www.digikey.com/product-detail/en/C1005X5R1A104K050BA/445-1265-1-ND/567732;             ;             ;             
| C308       0.1uF       ; http://www.digikey.com/product-detail/en/C1005X5R1A104K050BA/445-1265-1-ND/567732;             ;             ;             
| C309       22pF        ; http://www.digikey.com/product-detail/en/C1608C0G1H220J080AA/445-1273-1-ND/567670;             ;             ;             
| C310       22pF        ; http://www.digikey.com/product-detail/en/C1608C0G1H220J080AA/445-1273-1-ND/567670;             ;             ;             
| C311       10uF        ; http://www.digikey.com/product-detail/en/T491A106K016ZT/495-2236-1-ND/770402;             ;             ;             
| C312       10uF        ; http://www.digikey.com/product-detail/en/T491A106K016ZT/495-2236-1-ND/770402;             ;             ;             
| C313       47uF        ; http://www.digikey.com/product-detail/en/T491C476K016ZT/495-2247-1-ND/770413;             ;             ;             
| C314       0.1uF       ; http://www.digikey.com/product-detail/en/C1005X5R1A104K050BA/445-1265-1-ND/567732;             ;             ;             
| C315       0.1uF       ; http://www.digikey.com/product-detail/en/C1005X5R1A104K050BA/445-1265-1-ND/567732;             ;             ;             
| C316       10nF        ; http://www.digikey.com/product-detail/en/C1005X7R1C103K050BA/445-1262-1-ND/567728;             ;             ;             
| C317       10nF        ; http://www.digikey.com/product-detail/en/C1005X7R1C103K050BA/445-1262-1-ND/567728;             ;             ;             
| C318       10nF        ; http://www.digikey.com/product-detail/en/C1005X7R1C103K050BA/445-1262-1-ND/567728;             ;             ;             
| C319       47uF        ; http://www.digikey.com/product-detail/en/T491C476K016ZT/495-2247-1-ND/770413;             ;             ;             
| C320       10nF        ; http://www.digikey.com/product-detail/en/C1005X7R1C103K050BA/445-1262-1-ND/567728;             ;             ;             
| C321       10nF        ; http://www.digikey.com/product-detail/en/C1005X7R1C103K050BA/445-1262-1-ND/567728;             ;             ;             
| C322       10nF        ; http://www.digikey.com/product-detail/en/C1005X7R1C103K050BA/445-1262-1-ND/567728;             ;             ;             
| C323       10nF        ; http://www.digikey.com/product-detail/en/C1005X7R1C103K050BA/445-1262-1-ND/567728;             ;             ;             
| C324       10nF        ; http://www.digikey.com/product-detail/en/C1005X7R1C103K050BA/445-1262-1-ND/567728;             ;             ;             
| C325       10nF        ; http://www.digikey.com/product-detail/en/C1005X7R1C103K050BA/445-1262-1-ND/567728;             ;             ;             
| C326       10uF        ; http://www.digikey.com/product-detail/en/T491A106K016ZT/495-2236-1-ND/770402;             ;             ;             
| C327       10nF        ; http://www.digikey.com/product-detail/en/C1005X7R1C103K050BA/445-1262-1-ND/567728;             ;             ;             
| C328       0.1uF       ; http://www.digikey.com/product-detail/en/C1005X5R1A104K050BA/445-1265-1-ND/567732;             ;             ;             
| C329       10nF        ; http://www.digikey.com/product-detail/en/C1005X7R1C103K050BA/445-1262-1-ND/567728;             ;             ;             
| C330       47uF        ; http://www.digikey.com/product-detail/en/T491C476K016ZT/495-2247-1-ND/770413;             ;             ;             
| C331       47uF        ; http://www.digikey.com/product-detail/en/T491C476K016ZT/495-2247-1-ND/770413;             ;             ;             
| C332       10nF        ; http://www.digikey.com/product-detail/en/C1005X7R1C103K050BA/445-1262-1-ND/567728;             ;             ;             
| C333       10nF        ; http://www.digikey.com/product-detail/en/C1005X7R1C103K050BA/445-1262-1-ND/567728;             ;             ;             
| C334       10nF        ; http://www.digikey.com/product-detail/en/C1005X7R1C103K050BA/445-1262-1-ND/567728;             ;             ;             
| C335       10nF        ; http://www.digikey.com/product-detail/en/C1005X7R1C103K050BA/445-1262-1-ND/567728;             ;             ;             
| C336       10nF        ; http://www.digikey.com/product-detail/en/C1005X7R1C103K050BA/445-1262-1-ND/567728;             ;             ;             
| C337       10nF        ; http://www.digikey.com/product-detail/en/C1005X7R1C103K050BA/445-1262-1-ND/567728;             ;             ;             
| C338       10nF        ; http://www.digikey.com/product-detail/en/C1005X7R1C103K050BA/445-1262-1-ND/567728;             ;             ;             
| C339       10nF        ; http://www.digikey.com/product-detail/en/C1005X7R1C103K050BA/445-1262-1-ND/567728;             ;             ;             
| C340       10nF        ; http://www.digikey.com/product-detail/en/C1005X7R1C103K050BA/445-1262-1-ND/567728;             ;             ;             
| C341       10uF        ; http://www.digikey.com/product-detail/en/T491A106K016ZT/495-2236-1-ND/770402;             ;             ;             
| C342       10nF        ; http://www.digikey.com/product-detail/en/C1005X7R1C103K050BA/445-1262-1-ND/567728;             ;             ;             
| C343       10nF        ; http://www.digikey.com/product-detail/en/C1005X7R1C103K050BA/445-1262-1-ND/567728;             ;             ;             
| C344       0.1uF       ; http://www.digikey.com/product-detail/en/C1005X5R1A104K050BA/445-1265-1-ND/567732;             ;             ;             
| C345       10nF        ; http://www.digikey.com/product-detail/en/C1005X7R1C103K050BA/445-1262-1-ND/567728;             ;             ;             
| C346       10nF        ; http://www.digikey.com/product-detail/en/C1005X7R1C103K050BA/445-1262-1-ND/567728;             ;             ;             
| C347       470pF       ; http://www.digikey.com/product-detail/en/C1608C0G2A471J080AA/445-2310-1-ND/789819;             ;             ;             
| C348       10uF        ; http://www.digikey.com/product-detail/en/T491A106K016ZT/495-2236-1-ND/770402;             ;             ;             
| C349       0.1uF       ; http://www.digikey.com/product-detail/en/C1005X5R1A104K050BA/445-1265-1-ND/567732;             ;             ;             
| C350       0.1uF       ; http://www.digikey.com/product-detail/en/C2012X7R1H104K085AA/445-7534-1-ND/2733606;             ;             ;             
| C351       0.1uF       ; http://www.digikey.com/product-detail/en/C2012X7R1H104K085AA/445-7534-1-ND/2733606;             ;             ;             
| C352       0.1uF       ; http://www.digikey.com/product-detail/en/C2012X7R1H104K085AA/445-7534-1-ND/2733606;             ;             ;             
| C353       0.1uF       ; http://www.digikey.com/product-detail/en/C2012X7R1H104K085AA/445-7534-1-ND/2733606;             ;             ;             
| D201       PHY0_LINK10-YLW; http://www.digikey.com/product-detail/en/LY%20Q976-P1S2-36/475-2558-1-ND/1802685;             ;             ;             
| D202       PHY0_LINK100-GRN; http://www.digikey.com/product-detail/en/LG%20Q971-KN-1/475-1409-1-ND/1802597;             ;             ;             
| D203       PHY0_LINK1000-BLUE; http://www.digikey.com/product-detail/en/LB%20Q39G-L2N2-35-1/475-2816-1-ND/2176355;             ;             ;             
| D204       PHY0_DUPLEX-YLW; http://www.digikey.com/product-detail/en/LY%20Q976-P1S2-36/475-2558-1-ND/1802685;             ;             ;             
| D205       PHY0_RX-GRN ; http://www.digikey.com/product-detail/en/LG%20Q971-KN-1/475-1409-1-ND/1802597;             ;             ;             
| D206       PHY0_TX-GRN ; http://www.digikey.com/product-detail/en/LG%20Q971-KN-1/475-1409-1-ND/1802597;             ;             ;             
| D301       PHY1_LINK10-YLW; http://www.digikey.com/product-detail/en/LY%20Q976-P1S2-36/475-2558-1-ND/1802685;             ;             ;             
| D302       PHY1_LINK100-GRN; http://www.digikey.com/product-detail/en/LG%20Q971-KN-1/475-1409-1-ND/1802597;             ;             ;             
| D303       PHY1_LINK1000-BLUE; http://www.digikey.com/product-detail/en/LB%20Q39G-L2N2-35-1/475-2816-1-ND/2176355;             ;             ;             
| D304       PHY1_DUPLEX-YLW; http://www.digikey.com/product-detail/en/LY%20Q976-P1S2-36/475-2558-1-ND/1802685;             ;             ;             
| D305       PHY1_RX-GRN ; http://www.digikey.com/product-detail/en/LG%20Q971-KN-1/475-1409-1-ND/1802597;             ;             ;             
| D306       PHY1_TX-GRN ; http://www.digikey.com/product-detail/en/LG%20Q971-KN-1/475-1409-1-ND/1802597;             ;             ;             
| FB201      FBEAD       ; http://www.digikey.com/product-detail/en/MPZ1608S101A/445-1564-1-ND/571894;             ;             ;             
| FB202      FBEAD       ; http://www.digikey.com/product-detail/en/MPZ1608S101A/445-1564-1-ND/571894;             ;             ;             
| FB203      FBEAD       ; http://www.digikey.com/product-detail/en/MPZ1608S101A/445-1564-1-ND/571894;             ;             ;             
| FB204      FBEAD       ; http://www.digikey.com/product-detail/en/MPZ1608S101A/445-1564-1-ND/571894;             ;             ;             
| FB205      FBEAD       ; http://www.digikey.com/product-detail/en/MPZ1608S101A/445-1564-1-ND/571894;             ;             ;             
| FB301      FBEAD       ; http://www.digikey.com/product-detail/en/MPZ1608S101A/445-1564-1-ND/571894;             ;             ;             
| FB302      FBEAD       ; http://www.digikey.com/product-detail/en/MPZ1608S101A/445-1564-1-ND/571894;             ;             ;             
| FB303      FBEAD       ; http://www.digikey.com/product-detail/en/MPZ1608S101A/445-1564-1-ND/571894;             ;             ;             
| FB304      FBEAD       ; http://www.digikey.com/product-detail/en/MPZ1608S101A/445-1564-1-ND/571894;             ;             ;             
| FB305      FBEAD       ; http://www.digikey.com/product-detail/en/MPZ1608S101A/445-1564-1-ND/571894;             ;             ;             
| JP101      TERASIC-HSMC;             ;             ;             ;             
| MAG201     BELFUSE-0826-1X1T-M1-F;             ;             ;             ;             
| MAG301     BELFUSE-0826-1X1T-M1-F;             ;             ;             ;             
| R201       1k          ; http://www.digikey.com/product-detail/en/ERJ-3GEYJ102V/P1.0KGCT-ND/134874;             ;             ;             
| R202       1k          ; http://www.digikey.com/product-detail/en/ERJ-3GEYJ102V/P1.0KGCT-ND/134874;             ;             ;             
| R203       1k          ; http://www.digikey.com/product-detail/en/ERJ-3GEYJ102V/P1.0KGCT-ND/134874;             ;             ;             
| R204       4.7k        ; http://www.digikey.com/product-detail/en/ERJ-3GEYJ472V/P4.7KGCT-ND/135199;             ;             ;             
| R205       1k          ; http://www.digikey.com/product-detail/en/ERJ-3GEYJ102V/P1.0KGCT-ND/134874;             ;             ;             
| R206       1k          ; http://www.digikey.com/product-detail/en/ERJ-3GEYJ102V/P1.0KGCT-ND/134874;             ;             ;             
| R207       1k          ; http://www.digikey.com/product-detail/en/ERJ-3GEYJ102V/P1.0KGCT-ND/134874;             ;             ;             
| R208       4.99K 1%    ; http://www.digikey.com/product-detail/en/ERJ-3EKF4991V/P4.99KHCT-ND/198373;             ;             ;             
| R209       4.7K        ; http://www.digikey.com/product-detail/en/ERJ-3GEYJ472V/P4.7KGCT-ND/135199;             ;             ;             
| R210       4.7K        ; http://www.digikey.com/product-detail/en/ERJ-3GEYJ472V/P4.7KGCT-ND/135199;             ;             ;             
| R211       0.0-NP      ; http://www.digikey.com/product-detail/en/ERJ-3GEY0R00V/P0.0GCT-ND/134711;             ;             ;             
| R212       0.0-NP      ; http://www.digikey.com/product-detail/en/ERJ-3GEY0R00V/P0.0GCT-ND/134711;             ;             ;             
| R213       0.0-NP      ; http://www.digikey.com/product-detail/en/ERJ-3GEY0R00V/P0.0GCT-ND/134711;             ;             ;             
| R214       0.0-NP      ; http://www.digikey.com/product-detail/en/ERJ-3GEY0R00V/P0.0GCT-ND/134711;             ;             ;             
| R215       0.0-NP      ; http://www.digikey.com/product-detail/en/ERJ-3GEY0R00V/P0.0GCT-ND/134711;             ;             ;             
| R216       0.0-NP      ; http://www.digikey.com/product-detail/en/ERJ-3GEY0R00V/P0.0GCT-ND/134711;             ;             ;             
| R217       0.0-NP      ; http://www.digikey.com/product-detail/en/ERJ-3GEY0R00V/P0.0GCT-ND/134711;             ;             ;             
| R218       0.0-NP      ; http://www.digikey.com/product-detail/en/ERJ-3GEY0R00V/P0.0GCT-ND/134711;             ;             ;             
| R301       1k          ; http://www.digikey.com/product-detail/en/ERJ-3GEYJ102V/P1.0KGCT-ND/134874;             ;             ;             
| R302       1k          ; http://www.digikey.com/product-detail/en/ERJ-3GEYJ102V/P1.0KGCT-ND/134874;             ;             ;             
| R303       1k          ; http://www.digikey.com/product-detail/en/ERJ-3GEYJ102V/P1.0KGCT-ND/134874;             ;             ;             
| R304       4.7k        ; http://www.digikey.com/product-detail/en/ERJ-3GEYJ472V/P4.7KGCT-ND/135199;             ;             ;             
| R305       1k          ; http://www.digikey.com/product-detail/en/ERJ-3GEYJ102V/P1.0KGCT-ND/134874;             ;             ;             
| R306       1k          ; http://www.digikey.com/product-detail/en/ERJ-3GEYJ102V/P1.0KGCT-ND/134874;             ;             ;             
| R307       1k          ; http://www.digikey.com/product-detail/en/ERJ-3GEYJ102V/P1.0KGCT-ND/134874;             ;             ;             
| R308       4.99K 1%    ; http://www.digikey.com/product-detail/en/ERJ-3EKF4991V/P4.99KHCT-ND/198373;             ;             ;             
| R309       4.7K        ; http://www.digikey.com/product-detail/en/ERJ-3GEYJ472V/P4.7KGCT-ND/135199;             ;             ;             
| R310       4.7K        ; http://www.digikey.com/product-detail/en/ERJ-3GEYJ472V/P4.7KGCT-ND/135199;             ;             ;             
| R311       0.0-NP      ; http://www.digikey.com/product-detail/en/ERJ-3GEY0R00V/P0.0GCT-ND/134711;             ;             ;             
| R312       0.0-NP      ; http://www.digikey.com/product-detail/en/ERJ-3GEY0R00V/P0.0GCT-ND/134711;             ;             ;             
| R313       0.0-NP      ; http://www.digikey.com/product-detail/en/ERJ-3GEY0R00V/P0.0GCT-ND/134711;             ;             ;             
| R314       0.0-NP      ; http://www.digikey.com/product-detail/en/ERJ-3GEY0R00V/P0.0GCT-ND/134711;             ;             ;             
| R315       0.0-NP      ; http://www.digikey.com/product-detail/en/ERJ-3GEY0R00V/P0.0GCT-ND/134711;             ;             ;             
| R316       0.0-NP      ; http://www.digikey.com/product-detail/en/ERJ-3GEY0R00V/P0.0GCT-ND/134711;             ;             ;             
| R317       0.0-NP      ; http://www.digikey.com/product-detail/en/ERJ-3GEY0R00V/P0.0GCT-ND/134711;             ;             ;             
| R318       0.0-NP      ; http://www.digikey.com/product-detail/en/ERJ-3GEY0R00V/P0.0GCT-ND/134711;             ;             ;             
| RP201      220         ; http://www.digikey.com/product-detail/en/EXB-2HV221JV/Y1221CT-ND/285373;             ;             ;             
| RP202      R0-DNP      ; http://www.digikey.com/product-detail/en/EXB-2HVR000V/Y1000CT-ND/285418;             ;             ;             
| RP203      R0-DNP      ; http://www.digikey.com/product-detail/en/EXB-2HVR000V/Y1000CT-ND/285418;             ;             ;             
| RP301      220         ; http://www.digikey.com/product-detail/en/EXB-2HV221JV/Y1221CT-ND/285373;             ;             ;             
| RP302      R0-DNP      ; http://www.digikey.com/product-detail/en/EXB-2HVR000V/Y1000CT-ND/285418;             ;             ;             
| RP303      R0-DNP      ; http://www.digikey.com/product-detail/en/EXB-2HVR000V/Y1000CT-ND/285418;             ;             ;             
| U201       FDT434P     ; http://www.digikey.com/product-detail/en/FDT434P/FDT434PCT-ND/1849925;             ;             ;             
| U202       KSZ9021GQ   ; http://www.digikey.com/product-detail/en/KSZ9021GQ/576-3396-ND/2020343;             ;             ;             
| U203       MIC5207-2.5YM5; http://www.digikey.com/product-detail/en/MIC5207-2.5YM5%20TR/576-1266-1-ND/771893;             ;             ;             
| U301       FDT434P     ; http://www.digikey.com/product-detail/en/FDT434P/FDT434PCT-ND/1849925;             ;             ;             
| U302       KSZ9021GQ   ; http://www.digikey.com/product-detail/en/KSZ9021GQ/576-3396-ND/2020343;             ;             ;             
| U303       MIC5207-2.5YM5; http://www.digikey.com/product-detail/en/MIC5207-2.5YM5%20TR/576-1266-1-ND/771893;             ;             ;             
| X201       25MHz       ; http://www.digikey.com/product-detail/en/ABMM2-25.000MHZ-E2-T/535-9640-1-ND/1237107;             ;             ;             
| X301       25MHz       ; http://www.digikey.com/product-detail/en/ABMM2-25.000MHZ-E2-T/535-9640-1-ND/1237107;             ;             ;             
#End Cmp

#Cmp ( order = Value )
| 22pF         C209      ; http://www.digikey.com/product-detail/en/C1608C0G1H220J080AA/445-1273-1-ND/567670;             ;             ;             
| 22pF         C210      ; http://www.digikey.com/product-detail/en/C1608C0G1H220J080AA/445-1273-1-ND/567670;             ;             ;             
| 22pF         C309      ; http://www.digikey.com/product-detail/en/C1608C0G1H220J080AA/445-1273-1-ND/567670;             ;             ;             
| 22pF         C310      ; http://www.digikey.com/product-detail/en/C1608C0G1H220J080AA/445-1273-1-ND/567670;             ;             ;             
| 470pF        C247      ; http://www.digikey.com/product-detail/en/C1608C0G2A471J080AA/445-2310-1-ND/789819;             ;             ;             
| 470pF        C347      ; http://www.digikey.com/product-detail/en/C1608C0G2A471J080AA/445-2310-1-ND/789819;             ;             ;             
| 10nF         C203      ; http://www.digikey.com/product-detail/en/C1005X7R1C103K050BA/445-1262-1-ND/567728;             ;             ;             
| 10nF         C216      ; http://www.digikey.com/product-detail/en/C1005X7R1C103K050BA/445-1262-1-ND/567728;             ;             ;             
| 10nF         C217      ; http://www.digikey.com/product-detail/en/C1005X7R1C103K050BA/445-1262-1-ND/567728;             ;             ;             
| 10nF         C218      ; http://www.digikey.com/product-detail/en/C1005X7R1C103K050BA/445-1262-1-ND/567728;             ;             ;             
| 10nF         C220      ; http://www.digikey.com/product-detail/en/C1005X7R1C103K050BA/445-1262-1-ND/567728;             ;             ;             
| 10nF         C221      ; http://www.digikey.com/product-detail/en/C1005X7R1C103K050BA/445-1262-1-ND/567728;             ;             ;             
| 10nF         C222      ; http://www.digikey.com/product-detail/en/C1005X7R1C103K050BA/445-1262-1-ND/567728;             ;             ;             
| 10nF         C223      ; http://www.digikey.com/product-detail/en/C1005X7R1C103K050BA/445-1262-1-ND/567728;             ;             ;             
| 10nF         C224      ; http://www.digikey.com/product-detail/en/C1005X7R1C103K050BA/445-1262-1-ND/567728;             ;             ;             
| 10nF         C225      ; http://www.digikey.com/product-detail/en/C1005X7R1C103K050BA/445-1262-1-ND/567728;             ;             ;             
| 10nF         C227      ; http://www.digikey.com/product-detail/en/C1005X7R1C103K050BA/445-1262-1-ND/567728;             ;             ;             
| 10nF         C229      ; http://www.digikey.com/product-detail/en/C1005X7R1C103K050BA/445-1262-1-ND/567728;             ;             ;             
| 10nF         C232      ; http://www.digikey.com/product-detail/en/C1005X7R1C103K050BA/445-1262-1-ND/567728;             ;             ;             
| 10nF         C233      ; http://www.digikey.com/product-detail/en/C1005X7R1C103K050BA/445-1262-1-ND/567728;             ;             ;             
| 10nF         C234      ; http://www.digikey.com/product-detail/en/C1005X7R1C103K050BA/445-1262-1-ND/567728;             ;             ;             
| 10nF         C235      ; http://www.digikey.com/product-detail/en/C1005X7R1C103K050BA/445-1262-1-ND/567728;             ;             ;             
| 10nF         C236      ; http://www.digikey.com/product-detail/en/C1005X7R1C103K050BA/445-1262-1-ND/567728;             ;             ;             
| 10nF         C237      ; http://www.digikey.com/product-detail/en/C1005X7R1C103K050BA/445-1262-1-ND/567728;             ;             ;             
| 10nF         C238      ; http://www.digikey.com/product-detail/en/C1005X7R1C103K050BA/445-1262-1-ND/567728;             ;             ;             
| 10nF         C239      ; http://www.digikey.com/product-detail/en/C1005X7R1C103K050BA/445-1262-1-ND/567728;             ;             ;             
| 10nF         C240      ; http://www.digikey.com/product-detail/en/C1005X7R1C103K050BA/445-1262-1-ND/567728;             ;             ;             
| 10nF         C242      ; http://www.digikey.com/product-detail/en/C1005X7R1C103K050BA/445-1262-1-ND/567728;             ;             ;             
| 10nF         C243      ; http://www.digikey.com/product-detail/en/C1005X7R1C103K050BA/445-1262-1-ND/567728;             ;             ;             
| 10nF         C245      ; http://www.digikey.com/product-detail/en/C1005X7R1C103K050BA/445-1262-1-ND/567728;             ;             ;             
| 10nF         C246      ; http://www.digikey.com/product-detail/en/C1005X7R1C103K050BA/445-1262-1-ND/567728;             ;             ;             
| 10nF         C303      ; http://www.digikey.com/product-detail/en/C1005X7R1C103K050BA/445-1262-1-ND/567728;             ;             ;             
| 10nF         C316      ; http://www.digikey.com/product-detail/en/C1005X7R1C103K050BA/445-1262-1-ND/567728;             ;             ;             
| 10nF         C317      ; http://www.digikey.com/product-detail/en/C1005X7R1C103K050BA/445-1262-1-ND/567728;             ;             ;             
| 10nF         C318      ; http://www.digikey.com/product-detail/en/C1005X7R1C103K050BA/445-1262-1-ND/567728;             ;             ;             
| 10nF         C320      ; http://www.digikey.com/product-detail/en/C1005X7R1C103K050BA/445-1262-1-ND/567728;             ;             ;             
| 10nF         C321      ; http://www.digikey.com/product-detail/en/C1005X7R1C103K050BA/445-1262-1-ND/567728;             ;             ;             
| 10nF         C322      ; http://www.digikey.com/product-detail/en/C1005X7R1C103K050BA/445-1262-1-ND/567728;             ;             ;             
| 10nF         C323      ; http://www.digikey.com/product-detail/en/C1005X7R1C103K050BA/445-1262-1-ND/567728;             ;             ;             
| 10nF         C324      ; http://www.digikey.com/product-detail/en/C1005X7R1C103K050BA/445-1262-1-ND/567728;             ;             ;             
| 10nF         C325      ; http://www.digikey.com/product-detail/en/C1005X7R1C103K050BA/445-1262-1-ND/567728;             ;             ;             
| 10nF         C327      ; http://www.digikey.com/product-detail/en/C1005X7R1C103K050BA/445-1262-1-ND/567728;             ;             ;             
| 10nF         C329      ; http://www.digikey.com/product-detail/en/C1005X7R1C103K050BA/445-1262-1-ND/567728;             ;             ;             
| 10nF         C332      ; http://www.digikey.com/product-detail/en/C1005X7R1C103K050BA/445-1262-1-ND/567728;             ;             ;             
| 10nF         C333      ; http://www.digikey.com/product-detail/en/C1005X7R1C103K050BA/445-1262-1-ND/567728;             ;             ;             
| 10nF         C334      ; http://www.digikey.com/product-detail/en/C1005X7R1C103K050BA/445-1262-1-ND/567728;             ;             ;             
| 10nF         C335      ; http://www.digikey.com/product-detail/en/C1005X7R1C103K050BA/445-1262-1-ND/567728;             ;             ;             
| 10nF         C336      ; http://www.digikey.com/product-detail/en/C1005X7R1C103K050BA/445-1262-1-ND/567728;             ;             ;             
| 10nF         C337      ; http://www.digikey.com/product-detail/en/C1005X7R1C103K050BA/445-1262-1-ND/567728;             ;             ;             
| 10nF         C338      ; http://www.digikey.com/product-detail/en/C1005X7R1C103K050BA/445-1262-1-ND/567728;             ;             ;             
| 10nF         C339      ; http://www.digikey.com/product-detail/en/C1005X7R1C103K050BA/445-1262-1-ND/567728;             ;             ;             
| 10nF         C340      ; http://www.digikey.com/product-detail/en/C1005X7R1C103K050BA/445-1262-1-ND/567728;             ;             ;             
| 10nF         C342      ; http://www.digikey.com/product-detail/en/C1005X7R1C103K050BA/445-1262-1-ND/567728;             ;             ;             
| 10nF         C343      ; http://www.digikey.com/product-detail/en/C1005X7R1C103K050BA/445-1262-1-ND/567728;             ;             ;             
| 10nF         C345      ; http://www.digikey.com/product-detail/en/C1005X7R1C103K050BA/445-1262-1-ND/567728;             ;             ;             
| 10nF         C346      ; http://www.digikey.com/product-detail/en/C1005X7R1C103K050BA/445-1262-1-ND/567728;             ;             ;             
| 0.1uF        C202      ; http://www.digikey.com/product-detail/en/C1005X5R1A104K050BA/445-1265-1-ND/567732;             ;             ;             
| 0.1uF        C207      ; http://www.digikey.com/product-detail/en/C1005X5R1A104K050BA/445-1265-1-ND/567732;             ;             ;             
| 0.1uF        C208      ; http://www.digikey.com/product-detail/en/C1005X5R1A104K050BA/445-1265-1-ND/567732;             ;             ;             
| 0.1uF        C214      ; http://www.digikey.com/product-detail/en/C1005X5R1A104K050BA/445-1265-1-ND/567732;             ;             ;             
| 0.1uF        C215      ; http://www.digikey.com/product-detail/en/C1005X5R1A104K050BA/445-1265-1-ND/567732;             ;             ;             
| 0.1uF        C228      ; http://www.digikey.com/product-detail/en/C1005X5R1A104K050BA/445-1265-1-ND/567732;             ;             ;             
| 0.1uF        C244      ; http://www.digikey.com/product-detail/en/C1005X5R1A104K050BA/445-1265-1-ND/567732;             ;             ;             
| 0.1uF        C249      ; http://www.digikey.com/product-detail/en/C1005X5R1A104K050BA/445-1265-1-ND/567732;             ;             ;             
| 0.1uF        C250      ; http://www.digikey.com/product-detail/en/C2012X7R1H104K085AA/445-7534-1-ND/2733606;             ;             ;             
| 0.1uF        C251      ; http://www.digikey.com/product-detail/en/C2012X7R1H104K085AA/445-7534-1-ND/2733606;             ;             ;             
| 0.1uF        C252      ; http://www.digikey.com/product-detail/en/C2012X7R1H104K085AA/445-7534-1-ND/2733606;             ;             ;             
| 0.1uF        C253      ; http://www.digikey.com/product-detail/en/C2012X7R1H104K085AA/445-7534-1-ND/2733606;             ;             ;             
| 0.1uF        C302      ; http://www.digikey.com/product-detail/en/C1005X5R1A104K050BA/445-1265-1-ND/567732;             ;             ;             
| 0.1uF        C307      ; http://www.digikey.com/product-detail/en/C1005X5R1A104K050BA/445-1265-1-ND/567732;             ;             ;             
| 0.1uF        C308      ; http://www.digikey.com/product-detail/en/C1005X5R1A104K050BA/445-1265-1-ND/567732;             ;             ;             
| 0.1uF        C314      ; http://www.digikey.com/product-detail/en/C1005X5R1A104K050BA/445-1265-1-ND/567732;             ;             ;             
| 0.1uF        C315      ; http://www.digikey.com/product-detail/en/C1005X5R1A104K050BA/445-1265-1-ND/567732;             ;             ;             
| 0.1uF        C328      ; http://www.digikey.com/product-detail/en/C1005X5R1A104K050BA/445-1265-1-ND/567732;             ;             ;             
| 0.1uF        C344      ; http://www.digikey.com/product-detail/en/C1005X5R1A104K050BA/445-1265-1-ND/567732;             ;             ;             
| 0.1uF        C349      ; http://www.digikey.com/product-detail/en/C1005X5R1A104K050BA/445-1265-1-ND/567732;             ;             ;             
| 0.1uF        C350      ; http://www.digikey.com/product-detail/en/C2012X7R1H104K085AA/445-7534-1-ND/2733606;             ;             ;             
| 0.1uF        C351      ; http://www.digikey.com/product-detail/en/C2012X7R1H104K085AA/445-7534-1-ND/2733606;             ;             ;             
| 0.1uF        C352      ; http://www.digikey.com/product-detail/en/C2012X7R1H104K085AA/445-7534-1-ND/2733606;             ;             ;             
| 0.1uF        C353      ; http://www.digikey.com/product-detail/en/C2012X7R1H104K085AA/445-7534-1-ND/2733606;             ;             ;             
| 10uF         C205      ; http://www.digikey.com/product-detail/en/T491A106K016ZT/495-2236-1-ND/770402;             ;             ;             
| 10uF         C206      ; http://www.digikey.com/product-detail/en/T491A106K016ZT/495-2236-1-ND/770402;             ;             ;             
| 10uF         C211      ; http://www.digikey.com/product-detail/en/T491A106K016ZT/495-2236-1-ND/770402;             ;             ;             
| 10uF         C212      ; http://www.digikey.com/product-detail/en/T491A106K016ZT/495-2236-1-ND/770402;             ;             ;             
| 10uF         C226      ; http://www.digikey.com/product-detail/en/T491A106K016ZT/495-2236-1-ND/770402;             ;             ;             
| 10uF         C241      ; http://www.digikey.com/product-detail/en/T491A106K016ZT/495-2236-1-ND/770402;             ;             ;             
| 10uF         C248      ; http://www.digikey.com/product-detail/en/T491A106K016ZT/495-2236-1-ND/770402;             ;             ;             
| 10uF         C305      ; http://www.digikey.com/product-detail/en/T491A106K016ZT/495-2236-1-ND/770402;             ;             ;             
| 10uF         C306      ; http://www.digikey.com/product-detail/en/T491A106K016ZT/495-2236-1-ND/770402;             ;             ;             
| 10uF         C311      ; http://www.digikey.com/product-detail/en/T491A106K016ZT/495-2236-1-ND/770402;             ;             ;             
| 10uF         C312      ; http://www.digikey.com/product-detail/en/T491A106K016ZT/495-2236-1-ND/770402;             ;             ;             
| 10uF         C326      ; http://www.digikey.com/product-detail/en/T491A106K016ZT/495-2236-1-ND/770402;             ;             ;             
| 10uF         C341      ; http://www.digikey.com/product-detail/en/T491A106K016ZT/495-2236-1-ND/770402;             ;             ;             
| 10uF         C348      ; http://www.digikey.com/product-detail/en/T491A106K016ZT/495-2236-1-ND/770402;             ;             ;             
| 47uF         C201      ; http://www.digikey.com/product-detail/en/T491C476K016ZT/495-2247-1-ND/770413;             ;             ;             
| 47uF         C204      ; http://www.digikey.com/product-detail/en/T491C476K016ZT/495-2247-1-ND/770413;             ;             ;             
| 47uF         C213      ; http://www.digikey.com/product-detail/en/T491C476K016ZT/495-2247-1-ND/770413;             ;             ;             
| 47uF         C219      ; http://www.digikey.com/product-detail/en/T491C476K016ZT/495-2247-1-ND/770413;             ;             ;             
| 47uF         C230      ; http://www.digikey.com/product-detail/en/T491C476K016ZT/495-2247-1-ND/770413;             ;             ;             
| 47uF         C231      ; http://www.digikey.com/product-detail/en/T491C476K016ZT/495-2247-1-ND/770413;             ;             ;             
| 47uF         C301      ; http://www.digikey.com/product-detail/en/T491C476K016ZT/495-2247-1-ND/770413;             ;             ;             
| 47uF         C304      ; http://www.digikey.com/product-detail/en/T491C476K016ZT/495-2247-1-ND/770413;             ;             ;             
| 47uF         C313      ; http://www.digikey.com/product-detail/en/T491C476K016ZT/495-2247-1-ND/770413;             ;             ;             
| 47uF         C319      ; http://www.digikey.com/product-detail/en/T491C476K016ZT/495-2247-1-ND/770413;             ;             ;             
| 47uF         C330      ; http://www.digikey.com/product-detail/en/T491C476K016ZT/495-2247-1-ND/770413;             ;             ;             
| 47uF         C331      ; http://www.digikey.com/product-detail/en/T491C476K016ZT/495-2247-1-ND/770413;             ;             ;             
| PHY0_LINK10-YLW D201      ; http://www.digikey.com/product-detail/en/LY%20Q976-P1S2-36/475-2558-1-ND/1802685;             ;             ;             
| PHY0_LINK100-GRN D202      ; http://www.digikey.com/product-detail/en/LG%20Q971-KN-1/475-1409-1-ND/1802597;             ;             ;             
| PHY0_LINK1000-BLUE D203      ; http://www.digikey.com/product-detail/en/LB%20Q39G-L2N2-35-1/475-2816-1-ND/2176355;             ;             ;             
| PHY0_DUPLEX-YLW D204      ; http://www.digikey.com/product-detail/en/LY%20Q976-P1S2-36/475-2558-1-ND/1802685;             ;             ;             
| PHY0_RX-GRN  D205      ; http://www.digikey.com/product-detail/en/LG%20Q971-KN-1/475-1409-1-ND/1802597;             ;             ;             
| PHY0_TX-GRN  D206      ; http://www.digikey.com/product-detail/en/LG%20Q971-KN-1/475-1409-1-ND/1802597;             ;             ;             
| PHY1_LINK10-YLW D301      ; http://www.digikey.com/product-detail/en/LY%20Q976-P1S2-36/475-2558-1-ND/1802685;             ;             ;             
| PHY1_LINK100-GRN D302      ; http://www.digikey.com/product-detail/en/LG%20Q971-KN-1/475-1409-1-ND/1802597;             ;             ;             
| PHY1_LINK1000-BLUE D303      ; http://www.digikey.com/product-detail/en/LB%20Q39G-L2N2-35-1/475-2816-1-ND/2176355;             ;             ;             
| PHY1_DUPLEX-YLW D304      ; http://www.digikey.com/product-detail/en/LY%20Q976-P1S2-36/475-2558-1-ND/1802685;             ;             ;             
| PHY1_RX-GRN  D305      ; http://www.digikey.com/product-detail/en/LG%20Q971-KN-1/475-1409-1-ND/1802597;             ;             ;             
| PHY1_TX-GRN  D306      ; http://www.digikey.com/product-detail/en/LG%20Q971-KN-1/475-1409-1-ND/1802597;             ;             ;             
| FBEAD        FB201     ; http://www.digikey.com/product-detail/en/MPZ1608S101A/445-1564-1-ND/571894;             ;             ;             
| FBEAD        FB202     ; http://www.digikey.com/product-detail/en/MPZ1608S101A/445-1564-1-ND/571894;             ;             ;             
| FBEAD        FB203     ; http://www.digikey.com/product-detail/en/MPZ1608S101A/445-1564-1-ND/571894;             ;             ;             
| FBEAD        FB204     ; http://www.digikey.com/product-detail/en/MPZ1608S101A/445-1564-1-ND/571894;             ;             ;             
| FBEAD        FB205     ; http://www.digikey.com/product-detail/en/MPZ1608S101A/445-1564-1-ND/571894;             ;             ;             
| FBEAD        FB301     ; http://www.digikey.com/product-detail/en/MPZ1608S101A/445-1564-1-ND/571894;             ;             ;             
| FBEAD        FB302     ; http://www.digikey.com/product-detail/en/MPZ1608S101A/445-1564-1-ND/571894;             ;             ;             
| FBEAD        FB303     ; http://www.digikey.com/product-detail/en/MPZ1608S101A/445-1564-1-ND/571894;             ;             ;             
| FBEAD        FB304     ; http://www.digikey.com/product-detail/en/MPZ1608S101A/445-1564-1-ND/571894;             ;             ;             
| FBEAD        FB305     ; http://www.digikey.com/product-detail/en/MPZ1608S101A/445-1564-1-ND/571894;             ;             ;             
| TERASIC-HSMC JP101     ;             ;             ;             ;             
| BELFUSE-0826-1X1T-M1-F MAG201    ;             ;             ;             ;             
| BELFUSE-0826-1X1T-M1-F MAG301    ;             ;             ;             ;             
| 0.0-NP       R211      ; http://www.digikey.com/product-detail/en/ERJ-3GEY0R00V/P0.0GCT-ND/134711;             ;             ;             
| 0.0-NP       R212      ; http://www.digikey.com/product-detail/en/ERJ-3GEY0R00V/P0.0GCT-ND/134711;             ;             ;             
| 0.0-NP       R213      ; http://www.digikey.com/product-detail/en/ERJ-3GEY0R00V/P0.0GCT-ND/134711;             ;             ;             
| 0.0-NP       R214      ; http://www.digikey.com/product-detail/en/ERJ-3GEY0R00V/P0.0GCT-ND/134711;             ;             ;             
| 0.0-NP       R215      ; http://www.digikey.com/product-detail/en/ERJ-3GEY0R00V/P0.0GCT-ND/134711;             ;             ;             
| 0.0-NP       R216      ; http://www.digikey.com/product-detail/en/ERJ-3GEY0R00V/P0.0GCT-ND/134711;             ;             ;             
| 0.0-NP       R217      ; http://www.digikey.com/product-detail/en/ERJ-3GEY0R00V/P0.0GCT-ND/134711;             ;             ;             
| 0.0-NP       R218      ; http://www.digikey.com/product-detail/en/ERJ-3GEY0R00V/P0.0GCT-ND/134711;             ;             ;             
| 0.0-NP       R311      ; http://www.digikey.com/product-detail/en/ERJ-3GEY0R00V/P0.0GCT-ND/134711;             ;             ;             
| 0.0-NP       R312      ; http://www.digikey.com/product-detail/en/ERJ-3GEY0R00V/P0.0GCT-ND/134711;             ;             ;             
| 0.0-NP       R313      ; http://www.digikey.com/product-detail/en/ERJ-3GEY0R00V/P0.0GCT-ND/134711;             ;             ;             
| 0.0-NP       R314      ; http://www.digikey.com/product-detail/en/ERJ-3GEY0R00V/P0.0GCT-ND/134711;             ;             ;             
| 0.0-NP       R315      ; http://www.digikey.com/product-detail/en/ERJ-3GEY0R00V/P0.0GCT-ND/134711;             ;             ;             
| 0.0-NP       R316      ; http://www.digikey.com/product-detail/en/ERJ-3GEY0R00V/P0.0GCT-ND/134711;             ;             ;             
| 0.0-NP       R317      ; http://www.digikey.com/product-detail/en/ERJ-3GEY0R00V/P0.0GCT-ND/134711;             ;             ;             
| 0.0-NP       R318      ; http://www.digikey.com/product-detail/en/ERJ-3GEY0R00V/P0.0GCT-ND/134711;             ;             ;             
| 1k           R201      ; http://www.digikey.com/product-detail/en/ERJ-3GEYJ102V/P1.0KGCT-ND/134874;             ;             ;             
| 1k           R202      ; http://www.digikey.com/product-detail/en/ERJ-3GEYJ102V/P1.0KGCT-ND/134874;             ;             ;             
| 1k           R203      ; http://www.digikey.com/product-detail/en/ERJ-3GEYJ102V/P1.0KGCT-ND/134874;             ;             ;             
| 1k           R205      ; http://www.digikey.com/product-detail/en/ERJ-3GEYJ102V/P1.0KGCT-ND/134874;             ;             ;             
| 1k           R206      ; http://www.digikey.com/product-detail/en/ERJ-3GEYJ102V/P1.0KGCT-ND/134874;             ;             ;             
| 1k           R207      ; http://www.digikey.com/product-detail/en/ERJ-3GEYJ102V/P1.0KGCT-ND/134874;             ;             ;             
| 1k           R301      ; http://www.digikey.com/product-detail/en/ERJ-3GEYJ102V/P1.0KGCT-ND/134874;             ;             ;             
| 1k           R302      ; http://www.digikey.com/product-detail/en/ERJ-3GEYJ102V/P1.0KGCT-ND/134874;             ;             ;             
| 1k           R303      ; http://www.digikey.com/product-detail/en/ERJ-3GEYJ102V/P1.0KGCT-ND/134874;             ;             ;             
| 1k           R305      ; http://www.digikey.com/product-detail/en/ERJ-3GEYJ102V/P1.0KGCT-ND/134874;             ;             ;             
| 1k           R306      ; http://www.digikey.com/product-detail/en/ERJ-3GEYJ102V/P1.0KGCT-ND/134874;             ;             ;             
| 1k           R307      ; http://www.digikey.com/product-detail/en/ERJ-3GEYJ102V/P1.0KGCT-ND/134874;             ;             ;             
| 4.7k         R204      ; http://www.digikey.com/product-detail/en/ERJ-3GEYJ472V/P4.7KGCT-ND/135199;             ;             ;             
| 4.7K         R209      ; http://www.digikey.com/product-detail/en/ERJ-3GEYJ472V/P4.7KGCT-ND/135199;             ;             ;             
| 4.7K         R210      ; http://www.digikey.com/product-detail/en/ERJ-3GEYJ472V/P4.7KGCT-ND/135199;             ;             ;             
| 4.7k         R304      ; http://www.digikey.com/product-detail/en/ERJ-3GEYJ472V/P4.7KGCT-ND/135199;             ;             ;             
| 4.7K         R309      ; http://www.digikey.com/product-detail/en/ERJ-3GEYJ472V/P4.7KGCT-ND/135199;             ;             ;             
| 4.7K         R310      ; http://www.digikey.com/product-detail/en/ERJ-3GEYJ472V/P4.7KGCT-ND/135199;             ;             ;             
| 4.99K 1%     R208      ; http://www.digikey.com/product-detail/en/ERJ-3EKF4991V/P4.99KHCT-ND/198373;             ;             ;             
| 4.99K 1%     R308      ; http://www.digikey.com/product-detail/en/ERJ-3EKF4991V/P4.99KHCT-ND/198373;             ;             ;             
| 220          RP201     ; http://www.digikey.com/product-detail/en/EXB-2HV221JV/Y1221CT-ND/285373;             ;             ;             
| 220          RP301     ; http://www.digikey.com/product-detail/en/EXB-2HV221JV/Y1221CT-ND/285373;             ;             ;             
| R0-DNP       RP202     ; http://www.digikey.com/product-detail/en/EXB-2HVR000V/Y1000CT-ND/285418;             ;             ;             
| R0-DNP       RP203     ; http://www.digikey.com/product-detail/en/EXB-2HVR000V/Y1000CT-ND/285418;             ;             ;             
| R0-DNP       RP302     ; http://www.digikey.com/product-detail/en/EXB-2HVR000V/Y1000CT-ND/285418;             ;             ;             
| R0-DNP       RP303     ; http://www.digikey.com/product-detail/en/EXB-2HVR000V/Y1000CT-ND/285418;             ;             ;             
| FDT434P      U201      ; http://www.digikey.com/product-detail/en/FDT434P/FDT434PCT-ND/1849925;             ;             ;             
| FDT434P      U301      ; http://www.digikey.com/product-detail/en/FDT434P/FDT434PCT-ND/1849925;             ;             ;             
| KSZ9021GQ    U202      ; http://www.digikey.com/product-detail/en/KSZ9021GQ/576-3396-ND/2020343;             ;             ;             
| KSZ9021GQ    U302      ; http://www.digikey.com/product-detail/en/KSZ9021GQ/576-3396-ND/2020343;             ;             ;             
| MIC5207-2.5YM5 U203      ; http://www.digikey.com/product-detail/en/MIC5207-2.5YM5%20TR/576-1266-1-ND/771893;             ;             ;             
| MIC5207-2.5YM5 U303      ; http://www.digikey.com/product-detail/en/MIC5207-2.5YM5%20TR/576-1266-1-ND/771893;             ;             ;             
| 25MHz        X201      ; http://www.digikey.com/product-detail/en/ABMM2-25.000MHZ-E2-T/535-9640-1-ND/1237107;             ;             ;             
| 25MHz        X301      ; http://www.digikey.com/product-detail/en/ABMM2-25.000MHZ-E2-T/535-9640-1-ND/1237107;             ;             ;             
#End Cmp

#End List
